// Jest Snapshot v1, https://goo.gl/fbAQLP

exports[`GlobalFields should render correctly 1`] = `""`;
